// Jest Snapshot v1, https://goo.gl/fbAQLP

exports[`CounterComponent Prueba para validar la estrucutra del html, tiene que ser igual al snapshot 1`] = `
<div
  id="root1"
>
  <h1>
     Counter 10
  </h1>
  <hr />
  <button
    class="btn btn-primary mx-1"
  >
    +
  </button>
  <button
    class="btn btn-primary mx-1"
  >
    -
  </button>
</div>
`;
